BL51 BANKED LINKER/LOCATER V6.22                                                        07/18/2011  19:03:32  PAGE 1


BL51 BANKED LINKER/LOCATER V6.22, INVOKED BY:
D:\KEIL 4\C51\BIN\BL51.EXE STARTUP.obj, test_3.obj TO test_3


MEMORY MODEL: SMALL


INPUT MODULES INCLUDED:
  STARTUP.obj (?C_STARTUP)
  test_3.obj (TEST_3)
  D:\KEIL 4\C51\LIB\C51S.LIB (?C_INIT)
  D:\KEIL 4\C51\LIB\C51S.LIB (?C?UIDIV)


LINK MAP OF MODULE:  test_3 (?C_STARTUP)


            TYPE    BASE      LENGTH    RELOCATION   SEGMENT NAME
            -----------------------------------------------------

            * * * * * * *   D A T A   M E M O R Y   * * * * * * *
            REG     0000H     0008H     ABSOLUTE     "REG BANK 0"
            DATA    0008H     002DH     UNIT         ?DT?TEST_3
            DATA    0035H     0002H     UNIT         _DATA_GROUP_
            IDATA   0037H     0001H     UNIT         ?STACK

            * * * * * * *   C O D E   M E M O R Y   * * * * * * *
            CODE    0000H     0003H     ABSOLUTE     
                    0003H     0008H                  *** GAP ***
            CODE    000BH     0003H     ABSOLUTE     
                    000EH     07F2H                  *** GAP ***
            CODE    0800H     02B0H     UNIT         ?PR?DISPLAY?TEST_3
            CODE    0AB0H     0120H     UNIT         ?PR?UPDATE_DAY?TEST_3
            CODE    0BD0H     00BAH     UNIT         ?PR?KEYSCAN?TEST_3
            CODE    0C8AH     008CH     UNIT         ?C_C51STARTUP
            CODE    0D16H     0081H     UNIT         ?PR?TIMER0_INT?TEST_3
            CODE    0D97H     0055H     UNIT         ?C?LIB_CODE
            CODE    0DECH     0032H     UNIT         ?C_INITSEG
            CODE    0E1EH     0014H     UNIT         ?PR?_DELAY?TEST_3
            CODE    0E32H     0014H     UNIT         ?PR?MAIN?TEST_3



OVERLAY MAP OF MODULE:   test_3 (?C_STARTUP)


SEGMENT                          DATA_GROUP 
  +--> CALLED SEGMENT          START    LENGTH
----------------------------------------------
?C_C51STARTUP                  -----    -----
  +--> ?PR?MAIN?TEST_3
  +--> ?C_INITSEG

?PR?MAIN?TEST_3                -----    -----
  +--> ?PR?KEYSCAN?TEST_3

?PR?KEYSCAN?TEST_3             -----    -----
  +--> ?PR?_DELAY?TEST_3
BL51 BANKED LINKER/LOCATER V6.22                                                      07/18/2011  19:03:32  PAGE 2



*** NEW ROOT ***************************************************

?PR?TIMER0_INT?TEST_3          0035H    0002H
  +--> ?PR?UPDATE_DAY?TEST_3
  +--> ?PR?DISPLAY?TEST_3



SYMBOL TABLE OF MODULE:  test_3 (?C_STARTUP)

  VALUE           TYPE          NAME
  ----------------------------------

  -------         MODULE        ?C_STARTUP
  C:0C8AH         SEGMENT       ?C_C51STARTUP
  I:0037H         SEGMENT       ?STACK
  C:0000H         PUBLIC        ?C_STARTUP
  D:00E0H         SYMBOL        ACC
  D:00F0H         SYMBOL        B
  D:0083H         SYMBOL        DPH
  D:0082H         SYMBOL        DPL
  N:0000H         SYMBOL        IBPSTACK
  N:0100H         SYMBOL        IBPSTACKTOP
  N:0080H         SYMBOL        IDATALEN
  C:0C8DH         SYMBOL        IDATALOOP
  N:0000H         SYMBOL        PBPSTACK
  N:0100H         SYMBOL        PBPSTACKTOP
  N:0000H         SYMBOL        PDATALEN
  N:0000H         SYMBOL        PDATASTART
  N:0000H         SYMBOL        PPAGE
  N:0000H         SYMBOL        PPAGEENABLE
  D:00A0H         SYMBOL        PPAGE_SFR
  D:0081H         SYMBOL        SP
  C:0C8AH         SYMBOL        STARTUP1
  N:0000H         SYMBOL        XBPSTACK
  N:0000H         SYMBOL        XBPSTACKTOP
  N:0000H         SYMBOL        XDATALEN
  N:0000H         SYMBOL        XDATASTART
  C:0000H         LINE#         126
  C:0C8AH         LINE#         133
  C:0C8CH         LINE#         134
  C:0C8DH         LINE#         135
  C:0C8EH         LINE#         136
  C:0C90H         LINE#         185
  C:0C93H         LINE#         196
  -------         ENDMOD        ?C_STARTUP

  -------         MODULE        TEST_3
  C:0000H         SYMBOL        _ICE_DUMMY_
  D:0080H         PUBLIC        P0
  D:0090H         PUBLIC        P1
  C:0D16H         PUBLIC        timer0_int
  D:00B0H         PUBLIC        P3
  B:00A8H.7       PUBLIC        EA
  B:0090H.0       PUBLIC        P1_0
  C:0E1EH         PUBLIC        _delay
BL51 BANKED LINKER/LOCATER V6.22                                                      07/18/2011  19:03:32  PAGE 3


  B:0090H.1       PUBLIC        P1_1
  D:0008H         PUBLIC        a1
  B:0090H.2       PUBLIC        P1_2
  D:0009H         PUBLIC        b1
  B:0090H.3       PUBLIC        P1_3
  D:000AH         PUBLIC        c1
  D:000BH         PUBLIC        d1
  C:0E32H         PUBLIC        main
  C:0AB0H         PUBLIC        update_day
  D:000CH         PUBLIC        month
  D:000EH         PUBLIC        year
  D:0089H         PUBLIC        TMOD
  D:0010H         PUBLIC        flg
  D:0011H         PUBLIC        number1
  D:001CH         PUBLIC        day
  D:001EH         PUBLIC        number2
  B:00A8H.1       PUBLIC        ET0
  D:008CH         PUBLIC        TH0
  D:008AH         PUBLIC        TL0
  B:0088H.4       PUBLIC        TR0
  D:0028H         PUBLIC        a
  D:0029H         PUBLIC        b
  D:002AH         PUBLIC        c
  D:002BH         PUBLIC        d
  D:002CH         PUBLIC        e
  D:002DH         PUBLIC        f
  D:002EH         PUBLIC        g
  D:002FH         PUBLIC        h
  D:0030H         PUBLIC        j
  D:0031H         PUBLIC        flg1
  D:0032H         PUBLIC        m
  D:0033H         PUBLIC        n
  C:0BD0H         PUBLIC        keyscan
  D:0034H         PUBLIC        s
  C:0800H         PUBLIC        display
  -------         PROC          _DELAY
  D:0007H         SYMBOL        x
  -------         DO            
  D:0006H         SYMBOL        i
  D:0005H         SYMBOL        j
  -------         ENDDO         
  C:0E1EH         LINE#         12
  C:0E1EH         LINE#         13
  C:0E1EH         LINE#         14
  C:0E25H         LINE#         15
  C:0E31H         LINE#         16
  -------         ENDPROC       _DELAY
  -------         PROC          DISPLAY
  C:0800H         LINE#         17
  C:0800H         LINE#         18
  C:0807H         LINE#         19
  C:0830H         LINE#         20
  C:0830H         LINE#         21
  C:0835H         LINE#         22
  C:0837H         LINE#         23
  C:0843H         LINE#         24
  C:0846H         LINE#         25
BL51 BANKED LINKER/LOCATER V6.22                                                      07/18/2011  19:03:32  PAGE 4


  C:084BH         LINE#         26
  C:084EH         LINE#         27
  C:0850H         LINE#         29
  C:0853H         LINE#         30
  C:0858H         LINE#         31
  C:085DH         LINE#         32
  C:085FH         LINE#         33
  C:086BH         LINE#         34
  C:086EH         LINE#         35
  C:0873H         LINE#         36
  C:0876H         LINE#         37
  C:0878H         LINE#         39
  C:087BH         LINE#         40
  C:087FH         LINE#         41
  C:0884H         LINE#         42
  C:0889H         LINE#         43
  C:088BH         LINE#         44
  C:0897H         LINE#         45
  C:089AH         LINE#         46
  C:089FH         LINE#         47
  C:08A2H         LINE#         48
  C:08A4H         LINE#         50
  C:08A7H         LINE#         51
  C:08ABH         LINE#         53
  C:08B0H         LINE#         54
  C:08B2H         LINE#         55
  C:08BEH         LINE#         56
  C:08C1H         LINE#         57
  C:08C6H         LINE#         58
  C:08C9H         LINE#         59
  C:08CBH         LINE#         61
  C:08CEH         LINE#         62
  C:08D2H         LINE#         63
  C:08DAH         LINE#         64
  C:08E7H         LINE#         65
  C:08F8H         LINE#         66
  C:08F8H         LINE#         67
  C:08F8H         LINE#         68
  C:0901H         LINE#         69
  C:0933H         LINE#         70
  C:0938H         LINE#         71
  C:093AH         LINE#         72
  C:0941H         LINE#         73
  C:0946H         LINE#         75
  C:0949H         LINE#         76
  C:094EH         LINE#         77
  C:0951H         LINE#         78
  C:0953H         LINE#         80
  C:0956H         LINE#         81
  C:0961H         LINE#         85
  C:0966H         LINE#         86
  C:0968H         LINE#         87
  C:096FH         LINE#         88
  C:0974H         LINE#         90
  C:0977H         LINE#         91
  C:097CH         LINE#         92
  C:097FH         LINE#         93
BL51 BANKED LINKER/LOCATER V6.22                                                      07/18/2011  19:03:32  PAGE 5


  C:0981H         LINE#         95
  C:0984H         LINE#         96
  C:098EH         LINE#         98
  C:0993H         LINE#         99
  C:0995H         LINE#         100
  C:099CH         LINE#         101
  C:09A1H         LINE#         103
  C:09A4H         LINE#         104
  C:09A9H         LINE#         105
  C:09ACH         LINE#         106
  C:09AEH         LINE#         108
  C:09B1H         LINE#         109
  C:09BCH         LINE#         110
  C:09BFH         LINE#         112
  C:09C4H         LINE#         113
  C:09C6H         LINE#         114
  C:09CDH         LINE#         115
  C:09D2H         LINE#         117
  C:09D5H         LINE#         118
  C:09DAH         LINE#         119
  C:09DDH         LINE#         120
  C:09DFH         LINE#         122
  C:09E2H         LINE#         123
  C:09E8H         LINE#         125
  C:09EDH         LINE#         126
  C:09EFH         LINE#         127
  C:09F6H         LINE#         128
  C:09FBH         LINE#         130
  C:09FEH         LINE#         131
  C:0A03H         LINE#         132
  C:0A06H         LINE#         133
  C:0A08H         LINE#         135
  C:0A0BH         LINE#         136
  C:0A15H         LINE#         138
  C:0A1AH         LINE#         139
  C:0A1CH         LINE#         140
  C:0A23H         LINE#         141
  C:0A28H         LINE#         143
  C:0A2BH         LINE#         144
  C:0A30H         LINE#         145
  C:0A33H         LINE#         146
  C:0A35H         LINE#         148
  C:0A38H         LINE#         149
  C:0A47H         LINE#         151
  C:0A4CH         LINE#         152
  C:0A4EH         LINE#         153
  C:0A55H         LINE#         154
  C:0A5AH         LINE#         156
  C:0A5DH         LINE#         157
  C:0A62H         LINE#         158
  C:0A65H         LINE#         159
  C:0A67H         LINE#         161
  C:0A6AH         LINE#         162
  C:0A7AH         LINE#         164
  C:0A7FH         LINE#         165
  C:0A81H         LINE#         166
  C:0A8DH         LINE#         168
BL51 BANKED LINKER/LOCATER V6.22                                                      07/18/2011  19:03:32  PAGE 6


  C:0A90H         LINE#         169
  C:0A95H         LINE#         170
  C:0A98H         LINE#         171
  C:0A9AH         LINE#         173
  C:0A9DH         LINE#         174
  C:0AAFH         LINE#         175
  C:0AAFH         LINE#         176
  C:0AAFH         LINE#         177
  -------         ENDPROC       DISPLAY
  -------         PROC          KEYSCAN
  C:0BD0H         LINE#         178
  C:0BD0H         LINE#         179
  C:0BD3H         LINE#         180
  C:0BD8H         LINE#         181
  C:0BDBH         LINE#         182
  C:0BDFH         LINE#         183
  C:0BE1H         LINE#         184
  C:0BE6H         LINE#         185
  C:0BE9H         LINE#         186
  C:0BECH         LINE#         187
  C:0BEEH         LINE#         188
  C:0BF3H         LINE#         189
  C:0BFBH         LINE#         190
  C:0BFEH         LINE#         191
  C:0BFEH         LINE#         192
  C:0BFEH         LINE#         193
  C:0BFEH         LINE#         194
  C:0C01H         LINE#         195
  C:0C06H         LINE#         196
  C:0C09H         LINE#         197
  C:0C0DH         LINE#         198
  C:0C0FH         LINE#         199
  C:0C14H         LINE#         200
  C:0C17H         LINE#         201
  C:0C1AH         LINE#         202
  C:0C1CH         LINE#         203
  C:0C21H         LINE#         204
  C:0C29H         LINE#         205
  C:0C2FH         LINE#         206
  C:0C34H         LINE#         207
  C:0C37H         LINE#         208
  C:0C37H         LINE#         209
  C:0C37H         LINE#         210
  C:0C37H         LINE#         211
  C:0C3AH         LINE#         212
  C:0C3FH         LINE#         213
  C:0C42H         LINE#         214
  C:0C46H         LINE#         215
  C:0C48H         LINE#         216
  C:0C4AH         LINE#         217
  C:0C4CH         LINE#         218
  C:0C4EH         LINE#         220
  C:0C56H         LINE#         221
  C:0C5CH         LINE#         222
  C:0C60H         LINE#         223
  C:0C63H         LINE#         224
  C:0C63H         LINE#         225
BL51 BANKED LINKER/LOCATER V6.22                                                      07/18/2011  19:03:32  PAGE 7


  C:0C63H         LINE#         226
  C:0C63H         LINE#         227
  C:0C66H         LINE#         228
  C:0C6BH         LINE#         229
  C:0C6EH         LINE#         230
  C:0C72H         LINE#         231
  C:0C77H         LINE#         233
  C:0C79H         LINE#         234
  C:0C7EH         LINE#         235
  C:0C81H         LINE#         236
  C:0C83H         LINE#         237
  C:0C85H         LINE#         238
  C:0C86H         LINE#         240
  C:0C89H         LINE#         241
  C:0C89H         LINE#         242
  C:0C89H         LINE#         243
  -------         ENDPROC       KEYSCAN
  -------         PROC          UPDATE_DAY
  C:0AB0H         LINE#         244
  C:0AB0H         LINE#         245
  C:0AB8H         LINE#         246
  C:0ABDH         LINE#         247
  C:0AC5H         LINE#         248
  C:0ACAH         LINE#         249
  C:0AD2H         LINE#         250
  C:0AD2H         LINE#         251
  C:0AD2H         LINE#         252
  C:0ADAH         LINE#         253
  C:0AFDH         LINE#         254
  C:0B05H         LINE#         255
  C:0B0AH         LINE#         256
  C:0B12H         LINE#         257
  C:0B12H         LINE#         258
  C:0B14H         LINE#         260
  C:0B1CH         LINE#         261
  C:0B21H         LINE#         262
  C:0B29H         LINE#         263
  C:0B29H         LINE#         264
  C:0B29H         LINE#         265
  C:0B31H         LINE#         266
  C:0B39H         LINE#         267
  C:0B3EH         LINE#         268
  C:0B46H         LINE#         269
  C:0B46H         LINE#         270
  C:0B46H         LINE#         271
  C:0B4EH         LINE#         272
  C:0B56H         LINE#         273
  C:0B5BH         LINE#         274
  C:0B63H         LINE#         275
  C:0B63H         LINE#         276
  C:0B63H         LINE#         277
  C:0B6BH         LINE#         278
  C:0B73H         LINE#         279
  C:0B78H         LINE#         280
  C:0B80H         LINE#         281
  C:0B80H         LINE#         282
  C:0B80H         LINE#         283
BL51 BANKED LINKER/LOCATER V6.22                                                      07/18/2011  19:03:32  PAGE 8


  C:0B88H         LINE#         284
  C:0B90H         LINE#         285
  C:0B95H         LINE#         286
  C:0B9DH         LINE#         287
  C:0B9DH         LINE#         288
  C:0B9DH         LINE#         289
  C:0BA5H         LINE#         290
  C:0BADH         LINE#         291
  C:0BB2H         LINE#         292
  C:0BBAH         LINE#         293
  C:0BBAH         LINE#         294
  C:0BBAH         LINE#         295
  C:0BC2H         LINE#         296
  C:0BC7H         LINE#         297
  C:0BCFH         LINE#         298
  C:0BCFH         LINE#         299
  -------         ENDPROC       UPDATE_DAY
  -------         PROC          MAIN
  C:0E32H         LINE#         301
  C:0E32H         LINE#         302
  C:0E32H         LINE#         303
  C:0E35H         LINE#         304
  C:0E38H         LINE#         305
  C:0E3BH         LINE#         306
  C:0E3DH         LINE#         307
  C:0E3FH         LINE#         308
  C:0E41H         LINE#         309
  C:0E41H         LINE#         310
  C:0E41H         LINE#         311
  C:0E44H         LINE#         312
  -------         ENDPROC       MAIN
  -------         PROC          TIMER0_INT
  -------         DO            
  D:0035H         SYMBOL        k
  -------         ENDDO         
  C:0D16H         LINE#         316
  C:0D2DH         LINE#         318
  C:0D30H         LINE#         319
  C:0D33H         LINE#         320
  C:0D3BH         LINE#         321
  C:0D45H         LINE#         322
  C:0D49H         LINE#         323
  C:0D4BH         LINE#         324
  C:0D50H         LINE#         325
  C:0D53H         LINE#         326
  C:0D55H         LINE#         327
  C:0D5AH         LINE#         328
  C:0D5DH         LINE#         329
  C:0D5FH         LINE#         330
  C:0D64H         LINE#         331
  C:0D67H         LINE#         332
  C:0D6AH         LINE#         333
  C:0D6AH         LINE#         334
  C:0D6AH         LINE#         335
  C:0D6AH         LINE#         336
  C:0D6AH         LINE#         337
  C:0D6CH         LINE#         338
BL51 BANKED LINKER/LOCATER V6.22                                                      07/18/2011  19:03:32  PAGE 9


  C:0D70H         LINE#         339
  C:0D75H         LINE#         340
  C:0D75H         LINE#         341
  C:0D77H         LINE#         343
  C:0D7CH         LINE#         344
  C:0D7FH         LINE#         345
  C:0D82H         LINE#         346
  -------         ENDPROC       TIMER0_INT
  -------         ENDMOD        TEST_3

  -------         MODULE        ?C?UIDIV
  C:0D97H         PUBLIC        ?C?UIDIV
  -------         ENDMOD        ?C?UIDIV

******************************************************************************
* RESTRICTED VERSION WITH 0800H BYTE CODE SIZE LIMIT; USED: 0576H BYTE (68%) *
******************************************************************************

Program Size: data=56.0 xdata=0 code=1612
LINK/LOCATE RUN COMPLETE.  0 WARNING(S),  0 ERROR(S)
