BL51 BANKED LINKER/LOCATER V6.22                                                        05/08/2016  17:41:43  PAGE 1


BL51 BANKED LINKER/LOCATER V6.22, INVOKED BY:
E:\KEIL\C51\BIN\BL51.EXE test_9.obj TO test_9 RAMSIZE (256)


MEMORY MODEL: SMALL


INPUT MODULES INCLUDED:
  test_9.obj (TEST_9)
  E:\KEIL\C51\LIB\C51S.LIB (?C_STARTUP)


LINK MAP OF MODULE:  test_9 (TEST_9)


            TYPE    BASE      LENGTH    RELOCATION   SEGMENT NAME
            -----------------------------------------------------

            * * * * * * *   D A T A   M E M O R Y   * * * * * * *
            REG     0000H     0008H     ABSOLUTE     "REG BANK 0"
            DATA    0008H     0004H     UNIT         _DATA_GROUP_
            IDATA   000CH     0001H     UNIT         ?STACK

            * * * * * * *   C O D E   M E M O R Y   * * * * * * *
            CODE    0000H     0003H     ABSOLUTE     
            CODE    0003H     006EH     UNIT         ?PR?MAIN?TEST_9
            CODE    0071H     0018H     UNIT         ?PR?_DELAY?TEST_9
            CODE    0089H     000CH     UNIT         ?C_C51STARTUP



OVERLAY MAP OF MODULE:   test_9 (TEST_9)


SEGMENT                          DATA_GROUP 
  +--> CALLED SEGMENT          START    LENGTH
----------------------------------------------
?C_C51STARTUP                  -----    -----
  +--> ?PR?MAIN?TEST_9

?PR?MAIN?TEST_9                0008H    0004H
  +--> ?PR?_DELAY?TEST_9



SYMBOL TABLE OF MODULE:  test_9 (TEST_9)

  VALUE           TYPE          NAME
  ----------------------------------

  -------         MODULE        TEST_9
  C:0000H         SYMBOL        _ICE_DUMMY_
  D:0090H         PUBLIC        P1
  D:00B0H         PUBLIC        P3
  D:00A8H         PUBLIC        IE
  D:00B8H         PUBLIC        IP
  C:0003H         PUBLIC        main
  D:0098H         PUBLIC        SCON
BL51 BANKED LINKER/LOCATER V6.22                                                      05/08/2016  17:41:43  PAGE 2


  D:0088H         PUBLIC        TCON
  D:00C8H         PUBLIC        T2CON
  C:007FH         PUBLIC        _Delay
  D:00D0H         PUBLIC        PSW
  -------         PROC          MAIN
  -------         DO            
  D:0008H         SYMBOL        CYCLE
  D:000AH         SYMBOL        PWM_LOW
  -------         ENDDO         
  C:0003H         LINE#         6
  C:0003H         LINE#         7
  C:000EH         LINE#         9
  C:000EH         LINE#         10
  C:0011H         LINE#         11
  C:0018H         LINE#         12
  C:0029H         LINE#         13
  C:002CH         LINE#         14
  C:0033H         LINE#         15
  C:0033H         LINE#         16
  C:0036H         LINE#         17
  C:0040H         LINE#         19
  C:0043H         LINE#         20
  C:005AH         LINE#         21
  C:005DH         LINE#         22
  C:0064H         LINE#         23
  C:0064H         LINE#         24
  C:0067H         LINE#         25
  -------         ENDPROC       MAIN
  -------         PROC          L?0016
  -------         ENDPROC       L?0016
  -------         PROC          _DELAY
  D:0006H         SYMBOL        t
  C:007FH         LINE#         30
  C:007FH         LINE#         31
  C:007FH         LINE#         32
  C:0088H         LINE#         33
  -------         ENDPROC       _DELAY
  -------         ENDMOD        TEST_9

Program Size: data=13.0 xdata=0 code=149
LINK/LOCATE RUN COMPLETE.  0 WARNING(S),  0 ERROR(S)
