BL51 BANKED LINKER/LOCATER V6.22                                                        05/08/2016  22:38:58  PAGE 1


BL51 BANKED LINKER/LOCATER V6.22, INVOKED BY:
E:\KEIL\C51\BIN\BL51.EXE test_11.obj TO test_11 RAMSIZE (256)


MEMORY MODEL: SMALL


INPUT MODULES INCLUDED:
  test_11.obj (TEST_11)
  E:\KEIL\C51\LIB\C51S.LIB (?C_STARTUP)
  E:\KEIL\C51\LIB\C51S.LIB (?C_INIT)


LINK MAP OF MODULE:  test_11 (TEST_11)


            TYPE    BASE      LENGTH    RELOCATION   SEGMENT NAME
            -----------------------------------------------------

            * * * * * * *   D A T A   M E M O R Y   * * * * * * *
            REG     0000H     0008H     ABSOLUTE     "REG BANK 0"
            DATA    0008H     0001H     UNIT         ?DT?TEST_11
            IDATA   0009H     0001H     UNIT         ?STACK

            * * * * * * *   C O D E   M E M O R Y   * * * * * * *
            CODE    0000H     0003H     ABSOLUTE     
            CODE    0003H     008CH     UNIT         ?C_C51STARTUP
            CODE    008FH     002DH     UNIT         ?PR?MAIN?TEST_11
            CODE    00BCH     0012H     UNIT         ?CO?TEST_11
            CODE    00CEH     000AH     UNIT         ?PR?_DELAY?TEST_11
            CODE    00D8H     0004H     UNIT         ?C_INITSEG



OVERLAY MAP OF MODULE:   test_11 (TEST_11)


SEGMENT
  +--> CALLED SEGMENT
---------------------
?C_C51STARTUP
  +--> ?PR?MAIN?TEST_11
  +--> ?C_INITSEG

?PR?MAIN?TEST_11
  +--> ?CO?TEST_11
  +--> ?PR?_DELAY?TEST_11



SYMBOL TABLE OF MODULE:  test_11 (TEST_11)

  VALUE           TYPE          NAME
  ----------------------------------

  -------         MODULE        TEST_11
  C:0000H         SYMBOL        _ICE_DUMMY_
  D:0080H         PUBLIC        P0
BL51 BANKED LINKER/LOCATER V6.22                                                      05/08/2016  22:38:58  PAGE 2


  D:0090H         PUBLIC        P1
  D:00A0H         PUBLIC        P2
  D:00B0H         PUBLIC        P3
  D:00A8H         PUBLIC        IE
  C:00C6H         PUBLIC        weima
  D:00B8H         PUBLIC        IP
  C:008FH         PUBLIC        main
  D:0098H         PUBLIC        SCON
  D:0088H         PUBLIC        TCON
  B:00A0H.6       PUBLIC        CH1
  B:00A0H.7       PUBLIC        CH2
  D:00C8H         PUBLIC        T2CON
  D:0008H         PUBLIC        i
  C:00CEH         PUBLIC        _Delay
  C:00BCH         PUBLIC        duanma
  D:00D0H         PUBLIC        PSW
  -------         PROC          MAIN
  C:008FH         LINE#         12
  C:008FH         LINE#         13
  C:008FH         LINE#         14
  C:0092H         LINE#         15
  C:009AH         LINE#         16
  C:009CH         LINE#         17
  C:009EH         LINE#         19
  C:00A6H         LINE#         20
  C:00A8H         LINE#         21
  C:00AAH         LINE#         22
  C:00B1H         LINE#         23
  -------         ENDPROC       MAIN
  -------         PROC          _DELAY
  D:0006H         SYMBOL        t
  C:00CEH         LINE#         28
  C:00CEH         LINE#         29
  C:00CEH         LINE#         30
  C:00D7H         LINE#         31
  -------         ENDPROC       _DELAY
  -------         ENDMOD        TEST_11

Program Size: data=10.0 xdata=0 code=220
LINK/LOCATE RUN COMPLETE.  0 WARNING(S),  0 ERROR(S)
