BL51 BANKED LINKER/LOCATER V6.22                                                        12/09/2012  10:31:55  PAGE 1


BL51 BANKED LINKER/LOCATER V6.22, INVOKED BY:
D:\KEIL 4\C51\BIN\BL51.EXE STARTUP.obj, test_1.obj TO test_1


MEMORY MODEL: SMALL


INPUT MODULES INCLUDED:
  STARTUP.obj (?C_STARTUP)
  test_1.obj (TEST_1)
  D:\KEIL 4\C51\LIB\C51S.LIB (?C_INIT)


LINK MAP OF MODULE:  test_1 (?C_STARTUP)


            TYPE    BASE      LENGTH    RELOCATION   SEGMENT NAME
            -----------------------------------------------------

            * * * * * * *   D A T A   M E M O R Y   * * * * * * *
            REG     0000H     0008H     ABSOLUTE     "REG BANK 0"
            DATA    0008H     000EH     UNIT         ?DT?TEST_1
            DATA    0016H     0004H     UNIT         _DATA_GROUP_
            IDATA   001AH     0001H     UNIT         ?STACK

            * * * * * * *   C O D E   M E M O R Y   * * * * * * *
            CODE    0000H     0003H     ABSOLUTE     
                    0003H     0008H                  *** GAP ***
            CODE    000BH     0003H     ABSOLUTE     
            CODE    000EH     0128H     UNIT         ?PR?TINER0_INT?TEST_1
            CODE    0136H     008CH     UNIT         ?C_C51STARTUP
            CODE    01C2H     0017H     UNIT         ?C_INITSEG
            CODE    01D9H     0011H     UNIT         ?PR?MAIN?TEST_1



OVERLAY MAP OF MODULE:   test_1 (?C_STARTUP)


SEGMENT                          DATA_GROUP 
  +--> CALLED SEGMENT          START    LENGTH
----------------------------------------------
?C_C51STARTUP                  -----    -----
  +--> ?PR?MAIN?TEST_1
  +--> ?C_INITSEG

*** NEW ROOT ***************************************************

?PR?TINER0_INT?TEST_1          0016H    0004H



SYMBOL TABLE OF MODULE:  test_1 (?C_STARTUP)

  VALUE           TYPE          NAME
  ----------------------------------

  -------         MODULE        ?C_STARTUP
BL51 BANKED LINKER/LOCATER V6.22                                                      12/09/2012  10:31:55  PAGE 2


  C:0136H         SEGMENT       ?C_C51STARTUP
  I:001AH         SEGMENT       ?STACK
  C:0000H         PUBLIC        ?C_STARTUP
  D:00E0H         SYMBOL        ACC
  D:00F0H         SYMBOL        B
  D:0083H         SYMBOL        DPH
  D:0082H         SYMBOL        DPL
  N:0000H         SYMBOL        IBPSTACK
  N:0100H         SYMBOL        IBPSTACKTOP
  N:0080H         SYMBOL        IDATALEN
  C:0139H         SYMBOL        IDATALOOP
  N:0000H         SYMBOL        PBPSTACK
  N:0100H         SYMBOL        PBPSTACKTOP
  N:0000H         SYMBOL        PDATALEN
  N:0000H         SYMBOL        PDATASTART
  N:0000H         SYMBOL        PPAGE
  N:0000H         SYMBOL        PPAGEENABLE
  D:00A0H         SYMBOL        PPAGE_SFR
  D:0081H         SYMBOL        SP
  C:0136H         SYMBOL        STARTUP1
  N:0000H         SYMBOL        XBPSTACK
  N:0000H         SYMBOL        XBPSTACKTOP
  N:0000H         SYMBOL        XDATALEN
  N:0000H         SYMBOL        XDATASTART
  C:0000H         LINE#         126
  C:0136H         LINE#         133
  C:0138H         LINE#         134
  C:0139H         LINE#         135
  C:013AH         LINE#         136
  C:013CH         LINE#         185
  C:013FH         LINE#         196
  -------         ENDMOD        ?C_STARTUP

  -------         MODULE        TEST_1
  C:0000H         SYMBOL        _ICE_DUMMY_
  D:0080H         PUBLIC        P0
  D:0090H         PUBLIC        P1
  D:00A0H         PUBLIC        P2
  C:000EH         PUBLIC        tiner0_int
  B:00A8H.7       PUBLIC        EA
  D:0008H         PUBLIC        number
  B:0090H.0       PUBLIC        P1_0
  B:0090H.1       PUBLIC        P1_1
  B:0090H.6       PUBLIC        P1_6
  B:0090H.7       PUBLIC        P1_7
  C:01D9H         PUBLIC        main
  D:0089H         PUBLIC        TMOD
  B:00A8H.1       PUBLIC        ET0
  D:008CH         PUBLIC        TH0
  D:008AH         PUBLIC        TL0
  B:0088H.4       PUBLIC        TR0
  D:0013H         PUBLIC        f
  D:0014H         PUBLIC        h
  D:0015H         PUBLIC        s
  -------         PROC          MAIN
  C:01D9H         LINE#         9
  C:01D9H         LINE#         10
BL51 BANKED LINKER/LOCATER V6.22                                                      12/09/2012  10:31:55  PAGE 3


  C:01D9H         LINE#         11
  C:01DCH         LINE#         12
  C:01DFH         LINE#         13
  C:01E2H         LINE#         14
  C:01E4H         LINE#         15
  C:01E6H         LINE#         16
  C:01E8H         LINE#         17
  -------         ENDPROC       MAIN
  -------         PROC          TINER0_INT
  -------         DO            
  D:0016H         SYMBOL        j
  D:0017H         SYMBOL        m
  D:0018H         SYMBOL        k
  -------         ENDDO         
  C:000EH         LINE#         21
  C:001DH         LINE#         24
  C:0020H         LINE#         25
  C:0023H         LINE#         26
  C:002DH         LINE#         27
  C:0053H         LINE#         28
  C:0053H         LINE#         29
  C:005AH         LINE#         30
  C:0061H         LINE#         31
  C:0066H         LINE#         32
  C:006DH         LINE#         33
  C:0074H         LINE#         34
  C:007CH         LINE#         35
  C:0089H         LINE#         36
  C:009AH         LINE#         37
  C:009AH         LINE#         38
  C:009CH         LINE#         39
  C:00A1H         LINE#         40
  C:00A4H         LINE#         41
  C:00B0H         LINE#         42
  C:00B4H         LINE#         43
  C:00B7H         LINE#         44
  C:00BBH         LINE#         45
  C:00BEH         LINE#         46
  C:00C2H         LINE#         47
  C:00C5H         LINE#         48
  C:00C9H         LINE#         49
  C:00CEH         LINE#         51
  C:00D0H         LINE#         52
  C:00D2H         LINE#         54
  C:00D4H         LINE#         55
  C:00D6H         LINE#         57
  C:00D8H         LINE#         58
  C:00DAH         LINE#         59
  C:00DDH         LINE#         60
  C:00DFH         LINE#         61
  C:00E4H         LINE#         62
  C:00E7H         LINE#         63
  C:00E9H         LINE#         64
  C:00EEH         LINE#         65
  C:00F1H         LINE#         66
  C:00F3H         LINE#         67
  C:00F8H         LINE#         68
BL51 BANKED LINKER/LOCATER V6.22                                                      12/09/2012  10:31:55  PAGE 4


  C:00FBH         LINE#         69
  C:00FBH         LINE#         70
  C:00FBH         LINE#         71
  C:00FBH         LINE#         72
  C:00FBH         LINE#         73
  C:0101H         LINE#         74
  C:0103H         LINE#         75
  C:0106H         LINE#         76
  C:0108H         LINE#         77
  C:010DH         LINE#         78
  C:0110H         LINE#         79
  C:0110H         LINE#         80
  C:0113H         LINE#         81
  C:0115H         LINE#         82
  C:011AH         LINE#         83
  C:011DH         LINE#         84
  C:011DH         LINE#         85
  C:0120H         LINE#         86
  C:0123H         LINE#         87
  C:0126H         LINE#         88
  C:0129H         LINE#         89
  C:0129H         LINE#         90
  C:0129H         LINE#         91
  -------         ENDPROC       TINER0_INT
  -------         ENDMOD        TEST_1

Program Size: data=27.0 xdata=0 code=482
LINK/LOCATE RUN COMPLETE.  0 WARNING(S),  0 ERROR(S)
