BL51 BANKED LINKER/LOCATER V6.22                                                        05/08/2016  21:30:26  PAGE 1


BL51 BANKED LINKER/LOCATER V6.22, INVOKED BY:
E:\KEIL\C51\BIN\BL51.EXE test_11.obj TO test_10 RAMSIZE (256)


MEMORY MODEL: SMALL


INPUT MODULES INCLUDED:
  test_11.obj (TEST_11)
  E:\KEIL\C51\LIB\C51S.LIB (?C_STARTUP)


LINK MAP OF MODULE:  test_10 (TEST_11)


            TYPE    BASE      LENGTH    RELOCATION   SEGMENT NAME
            -----------------------------------------------------

            * * * * * * *   D A T A   M E M O R Y   * * * * * * *
            REG     0000H     0008H     ABSOLUTE     "REG BANK 0"
            DATA    0008H     0001H     UNIT         ?DT?TEST_11
            IDATA   0009H     0001H     UNIT         ?STACK

            * * * * * * *   C O D E   M E M O R Y   * * * * * * *
            CODE    0000H     0003H     ABSOLUTE     
            CODE    0003H     0024H     UNIT         ?PR?MAIN?TEST_11
            CODE    0027H     0012H     UNIT         ?CO?TEST_11
            CODE    0039H     000CH     UNIT         ?C_C51STARTUP
            CODE    0045H     000AH     UNIT         ?PR?_DELAY?TEST_11



OVERLAY MAP OF MODULE:   test_10 (TEST_11)


SEGMENT
  +--> CALLED SEGMENT
---------------------
?C_C51STARTUP
  +--> ?PR?MAIN?TEST_11

?PR?MAIN?TEST_11
  +--> ?CO?TEST_11



SYMBOL TABLE OF MODULE:  test_10 (TEST_11)

  VALUE           TYPE          NAME
  ----------------------------------

  -------         MODULE        TEST_11
  C:0000H         SYMBOL        _ICE_DUMMY_
  D:0080H         PUBLIC        P0
  D:0090H         PUBLIC        P1
  D:00A0H         PUBLIC        P2
  D:00B0H         PUBLIC        P3
  D:00A8H         PUBLIC        IE
BL51 BANKED LINKER/LOCATER V6.22                                                      05/08/2016  21:30:26  PAGE 2


  C:0031H         PUBLIC        weima
  D:00B8H         PUBLIC        IP
  C:0003H         PUBLIC        main
  D:0098H         PUBLIC        SCON
  D:0088H         PUBLIC        TCON
  B:00A0H.6       PUBLIC        CH1
  B:00A0H.7       PUBLIC        CH2
  D:00C8H         PUBLIC        T2CON
  D:0008H         PUBLIC        i
  C:0045H         PUBLIC        _Delay
  C:0027H         PUBLIC        duanma
  D:00D0H         PUBLIC        PSW
  -------         PROC          MAIN
  C:0003H         LINE#         12
  C:0003H         LINE#         13
  C:0003H         LINE#         14
  C:0006H         LINE#         15
  C:000EH         LINE#         16
  C:0010H         LINE#         17
  C:0012H         LINE#         19
  C:001AH         LINE#         20
  C:001CH         LINE#         21
  C:001EH         LINE#         23
  -------         ENDPROC       MAIN
  -------         PROC          _DELAY
  D:0006H         SYMBOL        t
  C:0045H         LINE#         29
  C:0045H         LINE#         30
  C:0045H         LINE#         31
  C:004EH         LINE#         32
  -------         ENDPROC       _DELAY
  -------         ENDMOD        TEST_11

*** WARNING L16: UNCALLED SEGMENT, IGNORED FOR OVERLAY PROCESS
    SEGMENT: ?PR?_DELAY?TEST_11

Program Size: data=10.0 xdata=0 code=79
LINK/LOCATE RUN COMPLETE.  1 WARNING(S),  0 ERROR(S)
