BL51 BANKED LINKER/LOCATER V6.22                                                        05/08/2016  17:09:31  PAGE 1


BL51 BANKED LINKER/LOCATER V6.22, INVOKED BY:
E:\KEIL\C51\BIN\BL51.EXE test_8.obj TO test_8 RAMSIZE (256)


MEMORY MODEL: SMALL


INPUT MODULES INCLUDED:
  test_8.obj (TEST_8)
  E:\KEIL\C51\LIB\C51S.LIB (?C_STARTUP)


LINK MAP OF MODULE:  test_8 (TEST_8)


            TYPE    BASE      LENGTH    RELOCATION   SEGMENT NAME
            -----------------------------------------------------

            * * * * * * *   D A T A   M E M O R Y   * * * * * * *
            REG     0000H     0008H     ABSOLUTE     "REG BANK 0"
            DATA    0008H     0001H     UNIT         _DATA_GROUP_
            IDATA   0009H     0001H     UNIT         ?STACK

            * * * * * * *   C O D E   M E M O R Y   * * * * * * *
            CODE    0000H     0003H     ABSOLUTE     
            CODE    0003H     0050H     UNIT         ?PR?MAIN?TEST_8
            CODE    0053H     0011H     UNIT         ?PR?DELAY1S?TEST_8
            CODE    0064H     000CH     UNIT         ?C_C51STARTUP



OVERLAY MAP OF MODULE:   test_8 (TEST_8)


SEGMENT                          DATA_GROUP 
  +--> CALLED SEGMENT          START    LENGTH
----------------------------------------------
?C_C51STARTUP                  -----    -----
  +--> ?PR?MAIN?TEST_8

?PR?MAIN?TEST_8                0008H    0001H
  +--> ?PR?DELAY1S?TEST_8



SYMBOL TABLE OF MODULE:  test_8 (TEST_8)

  VALUE           TYPE          NAME
  ----------------------------------

  -------         MODULE        TEST_8
  C:0000H         SYMBOL        _ICE_DUMMY_
  D:0090H         PUBLIC        P1
  D:00B0H         PUBLIC        P3
  D:00A8H         PUBLIC        IE
  D:00B8H         PUBLIC        IP
  C:0003H         PUBLIC        main
  D:0098H         PUBLIC        SCON
BL51 BANKED LINKER/LOCATER V6.22                                                      05/08/2016  17:09:31  PAGE 2


  D:0088H         PUBLIC        TCON
  C:0053H         PUBLIC        delay1s
  D:00C8H         PUBLIC        T2CON
  D:00D0H         PUBLIC        PSW
  -------         PROC          MAIN
  -------         DO            
  D:0008H         SYMBOL        i
  -------         ENDDO         
  C:0003H         LINE#         4
  C:0003H         LINE#         8
  C:0003H         LINE#         9
  C:0006H         LINE#         10
  C:0009H         LINE#         11
  C:000CH         LINE#         12
  C:0012H         LINE#         13
  C:0015H         LINE#         14
  C:001EH         LINE#         16
  C:0021H         LINE#         17
  C:0024H         LINE#         18
  C:0027H         LINE#         19
  C:002DH         LINE#         20
  C:0030H         LINE#         21
  C:0039H         LINE#         23
  C:0043H         LINE#         24
  C:0046H         LINE#         25
  C:0049H         LINE#         26
  C:004CH         LINE#         27
  C:004FH         LINE#         28
  -------         ENDPROC       MAIN
  -------         PROC          DELAY1S
  -------         DO            
  D:0007H         SYMBOL        h
  D:0006H         SYMBOL        i
  D:0005H         SYMBOL        j
  D:0004H         SYMBOL        k
  -------         ENDDO         
  C:0053H         LINE#         34
  C:0053H         LINE#         35
  C:0053H         LINE#         37
  C:0055H         LINE#         38
  C:0057H         LINE#         39
  C:0059H         LINE#         40
  C:0063H         LINE#         41
  -------         ENDPROC       DELAY1S
  -------         ENDMOD        TEST_8

Program Size: data=10.0 xdata=0 code=112
LINK/LOCATE RUN COMPLETE.  0 WARNING(S),  0 ERROR(S)
