BL51 BANKED LINKER/LOCATER V6.22                                                        07/19/2011  17:58:07  PAGE 1


BL51 BANKED LINKER/LOCATER V6.22, INVOKED BY:
D:\KEIL 4\C51\BIN\BL51.EXE STARTUP.obj, test_4.obj TO test_4


MEMORY MODEL: SMALL


INPUT MODULES INCLUDED:
  STARTUP.obj (?C_STARTUP)
  test_4.obj (TEST_4)
  D:\KEIL 4\C51\LIB\C51S.LIB (?C_INIT)


LINK MAP OF MODULE:  test_4 (?C_STARTUP)


            TYPE    BASE      LENGTH    RELOCATION   SEGMENT NAME
            -----------------------------------------------------

            * * * * * * *   D A T A   M E M O R Y   * * * * * * *
            REG     0000H     0008H     ABSOLUTE     "REG BANK 0"
            DATA    0008H     000DH     UNIT         ?DT?TEST_4
            DATA    0015H     0001H     UNIT         _DATA_GROUP_
            IDATA   0016H     0001H     UNIT         ?STACK

            * * * * * * *   C O D E   M E M O R Y   * * * * * * *
            CODE    0000H     0003H     ABSOLUTE     
                    0003H     07FDH                  *** GAP ***
            CODE    0800H     008CH     UNIT         ?C_C51STARTUP
            CODE    088CH     006FH     UNIT         ?PR?KEYSCAN?TEST_4
            CODE    08FBH     000EH     UNIT         ?PR?_DELAY?TEST_4
            CODE    0909H     000EH     UNIT         ?C_INITSEG
            CODE    0917H     000AH     UNIT         ?PR?MAIN?TEST_4
            CODE    0921H     0009H     UNIT         ?PR?DISPLAY?TEST_4



OVERLAY MAP OF MODULE:   test_4 (?C_STARTUP)


SEGMENT                          DATA_GROUP 
  +--> CALLED SEGMENT          START    LENGTH
----------------------------------------------
?C_C51STARTUP                  -----    -----
  +--> ?PR?MAIN?TEST_4
  +--> ?C_INITSEG

?PR?MAIN?TEST_4                -----    -----
  +--> ?PR?KEYSCAN?TEST_4
  +--> ?PR?DISPLAY?TEST_4

?PR?KEYSCAN?TEST_4             0015H    0001H
  +--> ?PR?_DELAY?TEST_4



SYMBOL TABLE OF MODULE:  test_4 (?C_STARTUP)

BL51 BANKED LINKER/LOCATER V6.22                                                      07/19/2011  17:58:07  PAGE 2


  VALUE           TYPE          NAME
  ----------------------------------

  -------         MODULE        ?C_STARTUP
  C:0800H         SEGMENT       ?C_C51STARTUP
  I:0016H         SEGMENT       ?STACK
  C:0000H         PUBLIC        ?C_STARTUP
  D:00E0H         SYMBOL        ACC
  D:00F0H         SYMBOL        B
  D:0083H         SYMBOL        DPH
  D:0082H         SYMBOL        DPL
  N:0000H         SYMBOL        IBPSTACK
  N:0100H         SYMBOL        IBPSTACKTOP
  N:0080H         SYMBOL        IDATALEN
  C:0803H         SYMBOL        IDATALOOP
  N:0000H         SYMBOL        PBPSTACK
  N:0100H         SYMBOL        PBPSTACKTOP
  N:0000H         SYMBOL        PDATALEN
  N:0000H         SYMBOL        PDATASTART
  N:0000H         SYMBOL        PPAGE
  N:0000H         SYMBOL        PPAGEENABLE
  D:00A0H         SYMBOL        PPAGE_SFR
  D:0081H         SYMBOL        SP
  C:0800H         SYMBOL        STARTUP1
  N:0000H         SYMBOL        XBPSTACK
  N:0000H         SYMBOL        XBPSTACKTOP
  N:0000H         SYMBOL        XDATALEN
  N:0000H         SYMBOL        XDATASTART
  C:0000H         LINE#         126
  C:0800H         LINE#         133
  C:0802H         LINE#         134
  C:0803H         LINE#         135
  C:0804H         LINE#         136
  C:0806H         LINE#         185
  C:0809H         LINE#         196
  -------         ENDMOD        ?C_STARTUP

  -------         MODULE        TEST_4
  C:0000H         SYMBOL        _ICE_DUMMY_
  D:0080H         PUBLIC        P0
  D:0090H         PUBLIC        P1
  C:08FBH         PUBLIC        _delay
  C:0917H         PUBLIC        main
  D:0008H         PUBLIC        num
  D:0013H         PUBLIC        k
  D:0014H         PUBLIC        m
  C:088CH         PUBLIC        keyscan
  C:0921H         PUBLIC        display
  -------         PROC          _DELAY
  D:0007H         SYMBOL        x
  -------         DO            
  D:0007H         SYMBOL        i
  D:0006H         SYMBOL        j
  -------         ENDDO         
  C:08FBH         LINE#         5
  C:08FBH         LINE#         6
  C:08FBH         LINE#         7
BL51 BANKED LINKER/LOCATER V6.22                                                      07/19/2011  17:58:07  PAGE 3


  C:0901H         LINE#         8
  C:0908H         LINE#         9
  -------         ENDPROC       _DELAY
  -------         PROC          KEYSCAN
  -------         DO            
  D:0015H         SYMBOL        temp
  -------         ENDDO         
  C:088CH         LINE#         10
  C:088CH         LINE#         11
  C:088CH         LINE#         12
  C:088FH         LINE#         13
  C:0895H         LINE#         14
  C:0899H         LINE#         15
  C:089EH         LINE#         16
  C:08A4H         LINE#         17
  C:08A7H         LINE#         18
  C:08AAH         LINE#         19
  C:08BCH         LINE#         20
  C:08BCH         LINE#         21
  C:08C1H         LINE#         22
  C:08C6H         LINE#         23
  C:08CBH         LINE#         24
  C:08CEH         LINE#         25
  C:08CEH         LINE#         26
  C:08D1H         LINE#         27
  C:08D4H         LINE#         28
  C:08E6H         LINE#         29
  C:08E6H         LINE#         30
  C:08EBH         LINE#         31
  C:08F0H         LINE#         32
  C:08F5H         LINE#         33
  C:08F8H         LINE#         34
  C:08F8H         LINE#         35
  C:08F8H         LINE#         36
  C:08F8H         LINE#         37
  C:08FAH         LINE#         38
  -------         ENDPROC       KEYSCAN
  -------         PROC          DISPLAY
  C:0921H         LINE#         39
  C:0921H         LINE#         40
  C:0921H         LINE#         41
  C:0929H         LINE#         42
  -------         ENDPROC       DISPLAY
  -------         PROC          MAIN
  C:0917H         LINE#         43
  C:0917H         LINE#         44
  C:0917H         LINE#         45
  C:091CH         LINE#         46
  C:091FH         LINE#         47
  -------         ENDPROC       MAIN
  -------         ENDMOD        TEST_4

******************************************************************************
* RESTRICTED VERSION WITH 0800H BYTE CODE SIZE LIMIT; USED: 00ACH BYTE ( 8%) *
******************************************************************************

Program Size: data=23.0 xdata=0 code=301
BL51 BANKED LINKER/LOCATER V6.22                                                      07/19/2011  17:58:07  PAGE 4


LINK/LOCATE RUN COMPLETE.  0 WARNING(S),  0 ERROR(S)
