BL51 BANKED LINKER/LOCATER V6.22                                                        10/22/2012  23:41:51  PAGE 1


BL51 BANKED LINKER/LOCATER V6.22, INVOKED BY:
D:\KEIL 4\C51\BIN\BL51.EXE STARTUP.obj, test_6.obj TO test_6 RAMSIZE (256)


MEMORY MODEL: SMALL


INPUT MODULES INCLUDED:
  STARTUP.obj (?C_STARTUP)
  test_6.obj (TEST_6)


LINK MAP OF MODULE:  test_6 (?C_STARTUP)


            TYPE    BASE      LENGTH    RELOCATION   SEGMENT NAME
            -----------------------------------------------------

            * * * * * * *   D A T A   M E M O R Y   * * * * * * *
            REG     0000H     0008H     ABSOLUTE     "REG BANK 0"
            DATA    0008H     0003H     UNIT         ?DT?TEST_6
            IDATA   000BH     0001H     UNIT         ?STACK

            * * * * * * *   C O D E   M E M O R Y   * * * * * * *
            CODE    0000H     0003H     ABSOLUTE     
                    0003H     0008H                  *** GAP ***
            CODE    000BH     0003H     ABSOLUTE     
                    000EH     07F2H                  *** GAP ***
            CODE    0800H     00A1H     UNIT         ?CO?TEST_6
            CODE    08A1H     003DH     UNIT         ?PR?MAIN?TEST_6
            CODE    08DEH     0015H     UNIT         ?PR?_DELAYMS?TEST_6
            CODE    08F3H     0014H     UNIT         ?PR?_DELAY?TEST_6
            CODE    0907H     000DH     UNIT         ?PR?TIM0_ISR?TEST_6
            CODE    0914H     000DH     UNIT         ?PR?SONG?TEST_6
            CODE    0921H     000CH     UNIT         ?C_C51STARTUP
            CODE    092DH     0003H     UNIT         ?PR?_DELAYUS2X?TEST_6



OVERLAY MAP OF MODULE:   test_6 (?C_STARTUP)


SEGMENT
  +--> CALLED SEGMENT
---------------------
?C_C51STARTUP
  +--> ?PR?MAIN?TEST_6

?PR?MAIN?TEST_6
  +--> ?CO?TEST_6
  +--> ?PR?SONG?TEST_6

?PR?SONG?TEST_6
  +--> ?PR?_DELAY?TEST_6

?PR?_DELAY?TEST_6
  +--> ?PR?_DELAYMS?TEST_6

BL51 BANKED LINKER/LOCATER V6.22                                                      10/22/2012  23:41:51  PAGE 2


?PR?_DELAYMS?TEST_6
  +--> ?PR?_DELAYUS2X?TEST_6



SYMBOL TABLE OF MODULE:  test_6 (?C_STARTUP)

  VALUE           TYPE          NAME
  ----------------------------------

  -------         MODULE        ?C_STARTUP
  C:0921H         SEGMENT       ?C_C51STARTUP
  I:000BH         SEGMENT       ?STACK
  C:0000H         PUBLIC        ?C_STARTUP
  D:00E0H         SYMBOL        ACC
  D:00F0H         SYMBOL        B
  D:0083H         SYMBOL        DPH
  D:0082H         SYMBOL        DPL
  N:0000H         SYMBOL        IBPSTACK
  N:0100H         SYMBOL        IBPSTACKTOP
  N:0080H         SYMBOL        IDATALEN
  C:0924H         SYMBOL        IDATALOOP
  N:0000H         SYMBOL        PBPSTACK
  N:0100H         SYMBOL        PBPSTACKTOP
  N:0000H         SYMBOL        PDATALEN
  N:0000H         SYMBOL        PDATASTART
  N:0000H         SYMBOL        PPAGE
  N:0000H         SYMBOL        PPAGEENABLE
  D:00A0H         SYMBOL        PPAGE_SFR
  D:0081H         SYMBOL        SP
  C:0921H         SYMBOL        STARTUP1
  N:0000H         SYMBOL        XBPSTACK
  N:0000H         SYMBOL        XBPSTACKTOP
  N:0000H         SYMBOL        XDATALEN
  N:0000H         SYMBOL        XDATASTART
  C:0000H         LINE#         126
  C:0921H         LINE#         133
  C:0923H         LINE#         134
  C:0924H         LINE#         135
  C:0925H         LINE#         136
  C:0927H         LINE#         185
  C:092AH         LINE#         196
  -------         ENDMOD        ?C_STARTUP

  -------         MODULE        TEST_6
  C:0000H         SYMBOL        _ICE_DUMMY_
  D:0090H         PUBLIC        P1
  C:0800H         PUBLIC        MUSIC
  D:00B0H         PUBLIC        P3
  B:00A8H.7       PUBLIC        EA
  D:00A8H         PUBLIC        IE
  D:0008H         PUBLIC        Time
  C:08F3H         PUBLIC        _delay
  C:0914H         PUBLIC        Song
  D:00B8H         PUBLIC        IP
  C:08A1H         PUBLIC        main
  C:08DEH         PUBLIC        _DelayMs
BL51 BANKED LINKER/LOCATER V6.22                                                      10/22/2012  23:41:51  PAGE 3


  D:0098H         PUBLIC        SCON
  D:0089H         PUBLIC        TMOD
  D:0088H         PUBLIC        TCON
  B:00A8H.1       PUBLIC        ET0
  D:008CH         PUBLIC        TH0
  D:008AH         PUBLIC        TL0
  B:0088H.4       PUBLIC        TR0
  D:0009H         PUBLIC        Timer0_H
  D:000AH         PUBLIC        Timer0_L
  C:092DH         PUBLIC        _DelayUs2x
  D:00C8H         PUBLIC        T2CON
  C:0907H         PUBLIC        TIM0_ISR
  B:0090H.2       PUBLIC        SPK
  C:0869H         PUBLIC        FREQH
  D:00D0H         PUBLIC        PSW
  C:0885H         PUBLIC        FREQL
  -------         PROC          _DELAYUS2X
  D:0007H         SYMBOL        t
  C:092DH         LINE#         36
  C:092DH         LINE#         37
  C:092DH         LINE#         38
  C:092FH         LINE#         39
  -------         ENDPROC       _DELAYUS2X
  -------         PROC          _DELAYMS
  D:0006H         SYMBOL        t
  C:08DEH         LINE#         45
  C:08E0H         LINE#         46
  C:08E0H         LINE#         48
  C:08E6H         LINE#         49
  C:08E6H         LINE#         51
  C:08EBH         LINE#         52
  C:08F0H         LINE#         53
  C:08F2H         LINE#         54
  -------         ENDPROC       _DELAYMS
  -------         PROC          _DELAY
  D:0005H         SYMBOL        t
  -------         DO            
  D:0004H         SYMBOL        i
  -------         ENDDO         
  C:08F3H         LINE#         62
  C:08F5H         LINE#         63
  C:08F5H         LINE#         65
  C:08FCH         LINE#         66
  C:0904H         LINE#         67
  C:0906H         LINE#         68
  -------         ENDPROC       _DELAY
  -------         PROC          TIM0_ISR
  C:0907H         LINE#         72
  C:0907H         LINE#         74
  C:0909H         LINE#         75
  C:090BH         LINE#         76
  C:090EH         LINE#         77
  C:0911H         LINE#         78
  C:0913H         LINE#         79
  -------         ENDPROC       TIM0_ISR
  -------         PROC          SONG
  C:0914H         LINE#         83
BL51 BANKED LINKER/LOCATER V6.22                                                      10/22/2012  23:41:51  PAGE 4


  C:0914H         LINE#         84
  C:0914H         LINE#         85
  C:0917H         LINE#         86
  C:091AH         LINE#         87
  C:091CH         LINE#         88
  -------         ENDPROC       SONG
  -------         PROC          MAIN
  -------         DO            
  D:0002H         SYMBOL        k
  D:0003H         SYMBOL        i
  -------         ENDDO         
  C:08A1H         LINE#         93
  C:08A1H         LINE#         94
  C:08A1H         LINE#         96
  C:08A4H         LINE#         97
  C:08A6H         LINE#         98
  C:08A8H         LINE#         99
  C:08A8H         LINE#         100
  C:08A8H         LINE#         101
  C:08AAH         LINE#         102
  C:08B0H         LINE#         103
  C:08B0H         LINE#         104
  C:08C2H         LINE#         105
  C:08C8H         LINE#         106
  C:08CFH         LINE#         107
  C:08D6H         LINE#         108
  C:08D9H         LINE#         109
  C:08DCH         LINE#         110
  -------         ENDPROC       MAIN
  -------         ENDMOD        TEST_6

******************************************************************************
* RESTRICTED VERSION WITH 0800H BYTE CODE SIZE LIMIT; USED: 0136H BYTE (15%) *
******************************************************************************

Program Size: data=12.0 xdata=0 code=310
LINK/LOCATE RUN COMPLETE.  0 WARNING(S),  0 ERROR(S)
